#
# There is insufficient memory for the Java Runtime Environment to continue.
# Native memory allocation (malloc) failed to allocate 1048496 bytes. Error detail: Chunk::new
# Possible reasons:
#   The system is out of physical RAM or swap space
#   This process is running with CompressedOops enabled, and the Java Heap may be blocking the growth of the native heap
# Possible solutions:
#   Reduce memory load on the system
#   Increase physical memory or swap space
#   Check if swap backing store is full
#   Decrease Java heap size (-Xmx/-Xms)
#   Decrease number of Java threads
#   Decrease Java thread stack sizes (-Xss)
#   Set larger code cache with -XX:ReservedCodeCacheSize=
#   JVM is running with Unscaled Compressed Oops mode in which the Java heap is
#     placed in the first 4GB address space. The Java Heap base address is the
#     maximum limit for the native heap growth. Please use -XX:HeapBaseMinAddress
#     to set the Java Heap base and to place the Java Heap above 4GB virtual address.
# This output file may be truncated or incomplete.
#
#  Out of Memory Error (arena.cpp:168), pid=21868, tid=8324
#
# JRE version: OpenJDK Runtime Environment Temurin-21.0.11+10 (21.0.11+10) (build 21.0.11+10-LTS)
# Java VM: OpenJDK 64-Bit Server VM Temurin-21.0.11+10 (21.0.11+10-LTS, mixed mode, sharing, tiered, compressed oops, compressed class ptrs, parallel gc, windows-amd64)
# No core dump will be written. Minidumps are not enabled by default on client versions of Windows
#

---------------  S U M M A R Y ------------

Command Line: --add-modules=ALL-SYSTEM --add-opens=java.base/java.util=ALL-UNNAMED --add-opens=java.base/java.lang=ALL-UNNAMED --add-opens=java.base/sun.nio.fs=ALL-UNNAMED -Declipse.application=org.eclipse.jdt.ls.core.id1 -Dosgi.bundles.defaultStartLevel=4 -Declipse.product=org.eclipse.jdt.ls.core.product -Djava.import.generatesMetadataFilesAtProjectRoot=false -DDetectVMInstallationsJob.disabled=true -Dfile.encoding=utf8 -XX:+UseParallelGC -XX:GCTimeRatio=4 -XX:AdaptiveSizePolicyWeight=90 -Dsun.zip.disableMemoryMapping=true -Xmx2G -Xms100m -Xlog:disable -javaagent:c:\Users\Lenovo\.vscode\extensions\redhat.java-1.55.0-win32-x64\lombok\lombok-1.18.39-4050.jar -XX:+HeapDumpOnOutOfMemoryError -XX:HeapDumpPath=c:\Users\Lenovo\AppData\Roaming\Code\User\workspaceStorage\522b9a6d1db5868371f99e250bf3e0ec\redhat.java -Daether.dependencyCollector.impl=bf c:\Users\Lenovo\.vscode\extensions\redhat.java-1.55.0-win32-x64\server\plugins\org.eclipse.equinox.launcher_1.7.200.v20260619-2039.jar -configuration c:\Users\Lenovo\AppData\Roaming\Code\User\globalStorage\redhat.java\1.55.0\config_win -data c:\Users\Lenovo\AppData\Roaming\Code\User\workspaceStorage\522b9a6d1db5868371f99e250bf3e0ec\redhat.java\jdt_ws --pipe=\\.\pipe\lsp-435c7f4c71b257b39954e5504c19c1aa-sock

Host: AMD Ryzen 5 5500U with Radeon Graphics         , 12 cores, 14G,  Windows 11 , 64 bit Build 26100 (10.0.26100.8972)
Time: Tue Aug 11 19:02:48 2026 elapsed time: 42.322115 seconds (0d 0h 0m 42s)

---------------  T H R E A D  ---------------

Current thread (0x00000185505ba7e0):  JavaThread "C2 CompilerThread2" daemon [_thread_in_native, id=8324, stack(0x0000005e0b200000,0x0000005e0b300000) (1024K)]


Current CompileTask:
C2:42322 15092       4       org.eclipse.jdt.internal.compiler.lookup.BinaryTypeBinding::createMethod (1666 bytes)

Stack: [0x0000005e0b200000,0x0000005e0b300000]
Native frames: (J=compiled Java code, j=interpreted, Vv=VM code, C=native code)
V  [jvm.dll+0x6d7e19]
V  [jvm.dll+0x8b5096]
V  [jvm.dll+0x8b764e]
V  [jvm.dll+0x8b7d33]
V  [jvm.dll+0x284596]
V  [jvm.dll+0xc685d]
V  [jvm.dll+0xc6da1]
V  [jvm.dll+0x2fb4ee]
V  [jvm.dll+0x5fe9a4]
V  [jvm.dll+0x255d67]
V  [jvm.dll+0x25612d]
V  [jvm.dll+0x24e6a0]
V  [jvm.dll+0x24bbe6]
V  [jvm.dll+0x1cb4ae]
V  [jvm.dll+0x25baad]
V  [jvm.dll+0x25a03a]
V  [jvm.dll+0x3f868e]
V  [jvm.dll+0x85fb0d]
V  [jvm.dll+0x6d664d]
C  [ucrtbase.dll+0x2cd30]
C  [KERNEL32.DLL+0x2ccb7]
C  [ntdll.dll+0xaad6c]


---------------  P R O C E S S  ---------------

Threads class SMR info:
_java_thread_list=0x000001854be6afc0, length=102, elements={
0x0000018566ab2720, 0x0000018568eb6560, 0x0000018568eb9150, 0x0000018568ebe560,
0x0000018541ce44c0, 0x0000018541ce7ce0, 0x0000018541cf2ce0, 0x0000018541cfb010,
0x0000018541d05220, 0x0000018541f4a140, 0x000001854202f1b0, 0x00000185477c1f80,
0x00000185477fb390, 0x000001854782b8a0, 0x000001854782c320, 0x000001854774cc90,
0x000001854755c370, 0x0000018547ff8070, 0x0000018547cb6cb0, 0x0000018547e58020,
0x0000018547e586b0, 0x0000018547e55f50, 0x0000018547e558c0, 0x0000018547e58d40,
0x0000018547e565e0, 0x0000018547e57300, 0x0000018547e57990, 0x0000018547e56c70,
0x0000018549b24e70, 0x0000018549b247e0, 0x0000018549b23ac0, 0x0000018549b24150,
0x0000018549b22710, 0x0000018549b22080, 0x0000018549b219f0, 0x0000018549b26220,
0x0000018549b22da0, 0x0000018549b25500, 0x0000018549b25b90, 0x0000018549b268b0,
0x0000018549b23430, 0x0000018549b26f40, 0x0000018549b275d0, 0x0000018549b27c60,
0x0000018549b282f0, 0x0000018549b28980, 0x0000018549b29010, 0x0000018548b66be0,
0x0000018548b65ec0, 0x0000018548b651a0, 0x0000018548b67900, 0x0000018548b65830,
0x0000018548b67270, 0x0000018548b67f90, 0x0000018548b64b10, 0x0000018548b6b410,
0x0000018548b6a060, 0x0000018548b699d0, 0x0000018548b6a6f0, 0x000001854cf1d720,
0x000001854cf1e440, 0x000001854cf1b650, 0x000001854cf1ddb0, 0x000001854cf1ead0,
0x000001854cf1ca00, 0x000001854cf1bce0, 0x000001854cf1f7f0, 0x000001854cf21230,
0x000001854cf1fe80, 0x000001854cf218c0, 0x000001854cf20ba0, 0x000001854cf21f50,
0x000001854cf225e0, 0x000001854cf22c70, 0x0000018548b6ad80, 0x0000018548b68620,
0x0000018548b6baa0, 0x0000018548b68cb0, 0x0000018548b69340, 0x00000185483abd30,
0x00000185483aeb20, 0x00000185483ac3c0, 0x00000185483ade00, 0x00000185483af840,
0x00000185483aca50, 0x00000185483afed0, 0x00000185483ae490, 0x00000185483b0560,
0x00000185483ad0e0, 0x00000185483b0bf0, 0x00000185483ad770, 0x00000185483b2630,
0x00000185483b1280, 0x00000185483b1910, 0x00000185483b1fa0, 0x00000185483b2cc0,
0x00000185483b3350, 0x00000185513d7a10, 0x00000185513d8dc0, 0x00000185513da170,
0x00000185513d9ae0, 0x00000185505ba7e0
}

Java Threads: ( => current thread )
  0x0000018566ab2720 JavaThread "main"                              [_thread_blocked, id=22316, stack(0x0000005e09400000,0x0000005e09500000) (1024K)]
  0x0000018568eb6560 JavaThread "Reference Handler"          daemon [_thread_blocked, id=17872, stack(0x0000005e09800000,0x0000005e09900000) (1024K)]
  0x0000018568eb9150 JavaThread "Finalizer"                  daemon [_thread_blocked, id=20632, stack(0x0000005e09900000,0x0000005e09a00000) (1024K)]
  0x0000018568ebe560 JavaThread "Signal Dispatcher"          daemon [_thread_blocked, id=12524, stack(0x0000005e09a00000,0x0000005e09b00000) (1024K)]
  0x0000018541ce44c0 JavaThread "Attach Listener"            daemon [_thread_blocked, id=14252, stack(0x0000005e09b00000,0x0000005e09c00000) (1024K)]
  0x0000018541ce7ce0 JavaThread "Service Thread"             daemon [_thread_blocked, id=16464, stack(0x0000005e09c00000,0x0000005e09d00000) (1024K)]
  0x0000018541cf2ce0 JavaThread "Monitor Deflation Thread"   daemon [_thread_blocked, id=19196, stack(0x0000005e09d00000,0x0000005e09e00000) (1024K)]
  0x0000018541cfb010 JavaThread "C2 CompilerThread0"         daemon [_thread_blocked, id=10624, stack(0x0000005e09e00000,0x0000005e09f00000) (1024K)]
  0x0000018541d05220 JavaThread "C1 CompilerThread0"         daemon [_thread_blocked, id=18324, stack(0x0000005e09f00000,0x0000005e0a000000) (1024K)]
  0x0000018541f4a140 JavaThread "Common-Cleaner"             daemon [_thread_blocked, id=10580, stack(0x0000005e0a100000,0x0000005e0a200000) (1024K)]
  0x000001854202f1b0 JavaThread "Notification Thread"        daemon [_thread_blocked, id=17180, stack(0x0000005e0a200000,0x0000005e0a300000) (1024K)]
  0x00000185477c1f80 JavaThread "Active Thread: Equinox Container: aacd7342-907c-4e3a-ba9b-1c487b2d3b5c"        [_thread_blocked, id=20612, stack(0x0000005e0aa00000,0x0000005e0ab00000) (1024K)]
  0x00000185477fb390 JavaThread "Refresh Thread: Equinox Container: aacd7342-907c-4e3a-ba9b-1c487b2d3b5c" daemon [_thread_blocked, id=7748, stack(0x0000005e0ac00000,0x0000005e0ad00000) (1024K)]
  0x000001854782b8a0 JavaThread "Framework Event Dispatcher: Equinox Container: aacd7342-907c-4e3a-ba9b-1c487b2d3b5c" daemon [_thread_blocked, id=18592, stack(0x0000005e0ad00000,0x0000005e0ae00000) (1024K)]
  0x000001854782c320 JavaThread "Start Level: Equinox Container: aacd7342-907c-4e3a-ba9b-1c487b2d3b5c" daemon [_thread_blocked, id=21948, stack(0x0000005e0ae00000,0x0000005e0af00000) (1024K)]
  0x000001854774cc90 JavaThread "Bundle File Closer"         daemon [_thread_blocked, id=14288, stack(0x0000005e0b100000,0x0000005e0b200000) (1024K)]
  0x000001854755c370 JavaThread "SCR Component Actor"        daemon [_thread_blocked, id=22152, stack(0x0000005e0a000000,0x0000005e0a100000) (1024K)]
  0x0000018547ff8070 JavaThread "C2 CompilerThread1"         daemon [_thread_blocked, id=18296, stack(0x0000005e0a300000,0x0000005e0a400000) (1024K)]
  0x0000018547cb6cb0 JavaThread "Worker-JM"                         [_thread_blocked, id=21056, stack(0x0000005e0b300000,0x0000005e0b400000) (1024K)]
  0x0000018547e58020 JavaThread "JNA Cleaner"                daemon [_thread_blocked, id=2052, stack(0x0000005e0b400000,0x0000005e0b500000) (1024K)]
  0x0000018547e586b0 JavaThread "Worker-0: Java indexing... "        [_thread_blocked, id=1644, stack(0x0000005e0b500000,0x0000005e0b600000) (1024K)]
  0x0000018547e55f50 JavaThread "Worker-1"                          [_thread_blocked, id=2412, stack(0x0000005e0b600000,0x0000005e0b700000) (1024K)]
  0x0000018547e558c0 JavaThread "Java indexing"              daemon [_thread_blocked, id=4984, stack(0x0000005e0b700000,0x0000005e0b800000) (1024K)]
  0x0000018547e58d40 JavaThread "Worker-2"                          [_thread_blocked, id=21984, stack(0x0000005e0bb00000,0x0000005e0bc00000) (1024K)]
  0x0000018547e565e0 JavaThread "Worker-3"                          [_thread_blocked, id=9984, stack(0x0000005e0bc00000,0x0000005e0bd00000) (1024K)]
  0x0000018547e57300 JavaThread "Thread-1"                   daemon [_thread_in_native, id=900, stack(0x0000005e0bd00000,0x0000005e0be00000) (1024K)]
  0x0000018547e57990 JavaThread "Thread-2"                   daemon [_thread_in_native, id=8248, stack(0x0000005e0be00000,0x0000005e0bf00000) (1024K)]
  0x0000018547e56c70 JavaThread "Thread-3"                   daemon [_thread_in_native, id=3464, stack(0x0000005e0bf00000,0x0000005e0c000000) (1024K)]
  0x0000018549b24e70 JavaThread "Thread-4"                   daemon [_thread_in_native, id=12440, stack(0x0000005e0c000000,0x0000005e0c100000) (1024K)]
  0x0000018549b247e0 JavaThread "Thread-5"                   daemon [_thread_in_native, id=14812, stack(0x0000005e0c100000,0x0000005e0c200000) (1024K)]
  0x0000018549b23ac0 JavaThread "Thread-6"                   daemon [_thread_in_native, id=11636, stack(0x0000005e0c200000,0x0000005e0c300000) (1024K)]
  0x0000018549b24150 JavaThread "Thread-7"                   daemon [_thread_in_native, id=2804, stack(0x0000005e0c300000,0x0000005e0c400000) (1024K)]
  0x0000018549b22710 JavaThread "Thread-8"                   daemon [_thread_in_native, id=19192, stack(0x0000005e0c400000,0x0000005e0c500000) (1024K)]
  0x0000018549b22080 JavaThread "Thread-9"                   daemon [_thread_in_native, id=18160, stack(0x0000005e0c500000,0x0000005e0c600000) (1024K)]
  0x0000018549b219f0 JavaThread "Thread-10"                  daemon [_thread_in_native, id=21668, stack(0x0000005e0c600000,0x0000005e0c700000) (1024K)]
  0x0000018549b26220 JavaThread "Thread-11"                  daemon [_thread_in_native, id=13544, stack(0x0000005e0c700000,0x0000005e0c800000) (1024K)]
  0x0000018549b22da0 JavaThread "Thread-12"                  daemon [_thread_in_native, id=3108, stack(0x0000005e0c800000,0x0000005e0c900000) (1024K)]
  0x0000018549b25500 JavaThread "Thread-13"                  daemon [_thread_in_native, id=14700, stack(0x0000005e0c900000,0x0000005e0ca00000) (1024K)]
  0x0000018549b25b90 JavaThread "pool-2-thread-1"                   [_thread_blocked, id=21144, stack(0x0000005e0ca00000,0x0000005e0cb00000) (1024K)]
  0x0000018549b268b0 JavaThread "WorkspaceEventsHandler"            [_thread_blocked, id=18328, stack(0x0000005e0cb00000,0x0000005e0cc00000) (1024K)]
  0x0000018549b23430 JavaThread "pool-1-thread-1"                   [_thread_blocked, id=20504, stack(0x0000005e0cc00000,0x0000005e0cd00000) (1024K)]
  0x0000018549b26f40 JavaThread "PatternSearchJob-worker-1"  daemon [_thread_blocked, id=8400, stack(0x0000005e0cd00000,0x0000005e0ce00000) (1024K)]
  0x0000018549b275d0 JavaThread "PatternSearchJob-worker-2"  daemon [_thread_blocked, id=15224, stack(0x0000005e0ce00000,0x0000005e0cf00000) (1024K)]
  0x0000018549b27c60 JavaThread "PatternSearchJob-worker-3"  daemon [_thread_blocked, id=14648, stack(0x0000005e0cf00000,0x0000005e0d000000) (1024K)]
  0x0000018549b282f0 JavaThread "PatternSearchJob-worker-4"  daemon [_thread_blocked, id=22140, stack(0x0000005e0d000000,0x0000005e0d100000) (1024K)]
  0x0000018549b28980 JavaThread "PatternSearchJob-worker-5"  daemon [_thread_blocked, id=6264, stack(0x0000005e0d100000,0x0000005e0d200000) (1024K)]
  0x0000018549b29010 JavaThread "PatternSearchJob-worker-6"  daemon [_thread_blocked, id=11844, stack(0x0000005e0d200000,0x0000005e0d300000) (1024K)]
  0x0000018548b66be0 JavaThread "PatternSearchJob-worker-8"  daemon [_thread_blocked, id=5956, stack(0x0000005e0d300000,0x0000005e0d400000) (1024K)]
  0x0000018548b65ec0 JavaThread "PatternSearchJob-worker-7"  daemon [_thread_blocked, id=8528, stack(0x0000005e0d400000,0x0000005e0d500000) (1024K)]
  0x0000018548b651a0 JavaThread "PatternSearchJob-worker-9"  daemon [_thread_blocked, id=20472, stack(0x0000005e0d500000,0x0000005e0d600000) (1024K)]
  0x0000018548b67900 JavaThread "PatternSearchJob-worker-10" daemon [_thread_blocked, id=13296, stack(0x0000005e0d600000,0x0000005e0d700000) (1024K)]
  0x0000018548b65830 JavaThread "PatternSearchJob-worker-11" daemon [_thread_blocked, id=3140, stack(0x0000005e0d700000,0x0000005e0d800000) (1024K)]
  0x0000018548b67270 JavaThread "ForkJoinPool.commonPool-worker-1" daemon [_thread_blocked, id=7380, stack(0x0000005e0d800000,0x0000005e0d900000) (1024K)]
  0x0000018548b67f90 JavaThread "ForkJoinPool.commonPool-worker-2" daemon [_thread_blocked, id=7172, stack(0x0000005e0d900000,0x0000005e0da00000) (1024K)]
  0x0000018548b64b10 JavaThread "ForkJoinPool.commonPool-worker-3" daemon [_thread_blocked, id=22396, stack(0x0000005e0da00000,0x0000005e0db00000) (1024K)]
  0x0000018548b6b410 JavaThread "ForkJoinPool.commonPool-worker-4" daemon [_thread_blocked, id=4724, stack(0x0000005e0db00000,0x0000005e0dc00000) (1024K)]
  0x0000018548b6a060 JavaThread "ForkJoinPool.commonPool-worker-5" daemon [_thread_blocked, id=3320, stack(0x0000005e0e100000,0x0000005e0e200000) (1024K)]
  0x0000018548b699d0 JavaThread "ForkJoinPool.commonPool-worker-6" daemon [_thread_blocked, id=9144, stack(0x0000005e0e200000,0x0000005e0e300000) (1024K)]
  0x0000018548b6a6f0 JavaThread "ForkJoinPool.commonPool-worker-7" daemon [_thread_blocked, id=20780, stack(0x0000005e0e300000,0x0000005e0e400000) (1024K)]
  0x000001854cf1d720 JavaThread "ForkJoinPool.commonPool-worker-8" daemon [_thread_blocked, id=20204, stack(0x0000005e0e400000,0x0000005e0e500000) (1024K)]
  0x000001854cf1e440 JavaThread "ForkJoinPool.commonPool-worker-9" daemon [_thread_blocked, id=4956, stack(0x0000005e0e500000,0x0000005e0e600000) (1024K)]
  0x000001854cf1b650 JavaThread "ForkJoinPool.commonPool-worker-10" daemon [_thread_blocked, id=4048, stack(0x0000005e0e600000,0x0000005e0e700000) (1024K)]
  0x000001854cf1ddb0 JavaThread "ForkJoinPool.commonPool-worker-11" daemon [_thread_blocked, id=6712, stack(0x0000005e0e700000,0x0000005e0e800000) (1024K)]
  0x000001854cf1ead0 JavaThread "Cleaner-0"                  daemon [_thread_blocked, id=6880, stack(0x0000005e0dc00000,0x0000005e0dd00000) (1024K)]
  0x000001854cf1ca00 JavaThread "Worker-4"                          [_thread_blocked, id=18804, stack(0x0000005e0dd00000,0x0000005e0de00000) (1024K)]
  0x000001854cf1bce0 JavaThread "Worker-5: Building"                [_thread_blocked, id=22132, stack(0x0000005e0de00000,0x0000005e0df00000) (1024K)]
  0x000001854cf1f7f0 JavaThread "Worker-6"                          [_thread_blocked, id=18792, stack(0x0000005e0df00000,0x0000005e0e000000) (1024K)]
  0x000001854cf21230 JavaThread "Worker-7: Check JDK Index"         [_thread_blocked, id=2740, stack(0x0000005e0e000000,0x0000005e0e100000) (1024K)]
  0x000001854cf1fe80 JavaThread "Worker-8"                          [_thread_blocked, id=17468, stack(0x0000005e0e900000,0x0000005e0ea00000) (1024K)]
  0x000001854cf218c0 JavaThread "LocalFile Deleter"          daemon [_thread_blocked, id=8208, stack(0x0000005e0ea00000,0x0000005e0eb00000) (1024K)]
  0x000001854cf20ba0 JavaThread "LocalFile Deleter"          daemon [_thread_blocked, id=21780, stack(0x0000005e0eb00000,0x0000005e0ec00000) (1024K)]
  0x000001854cf21f50 JavaThread "LocalFile Deleter"          daemon [_thread_blocked, id=6952, stack(0x0000005e0ec00000,0x0000005e0ed00000) (1024K)]
  0x000001854cf225e0 JavaThread "LocalFile Deleter"          daemon [_thread_blocked, id=15512, stack(0x0000005e0ed00000,0x0000005e0ee00000) (1024K)]
  0x000001854cf22c70 JavaThread "LocalFile Deleter"          daemon [_thread_blocked, id=404, stack(0x0000005e0ee00000,0x0000005e0ef00000) (1024K)]
  0x0000018548b6ad80 JavaThread "LocalFile Deleter"          daemon [_thread_blocked, id=7432, stack(0x0000005e0ef00000,0x0000005e0f000000) (1024K)]
  0x0000018548b68620 JavaThread "LocalFile Deleter"          daemon [_thread_blocked, id=9628, stack(0x0000005e0f000000,0x0000005e0f100000) (1024K)]
  0x0000018548b6baa0 JavaThread "LocalFile Deleter"          daemon [_thread_blocked, id=13700, stack(0x0000005e0f100000,0x0000005e0f200000) (1024K)]
  0x0000018548b68cb0 JavaThread "LocalFile Deleter"          daemon [_thread_blocked, id=15700, stack(0x0000005e0f200000,0x0000005e0f300000) (1024K)]
  0x0000018548b69340 JavaThread "LocalFile Deleter"          daemon [_thread_blocked, id=11036, stack(0x0000005e0f300000,0x0000005e0f400000) (1024K)]
  0x00000185483abd30 JavaThread "LocalFile Deleter"          daemon [_thread_blocked, id=12556, stack(0x0000005e0f400000,0x0000005e0f500000) (1024K)]
  0x00000185483aeb20 JavaThread "LocalFile Deleter"          daemon [_thread_blocked, id=1088, stack(0x0000005e0f500000,0x0000005e0f600000) (1024K)]
  0x00000185483ac3c0 JavaThread "Compiler Source File Reader" daemon [_thread_blocked, id=11104, stack(0x0000005e0f600000,0x0000005e0f700000) (1024K)]
  0x00000185483ade00 JavaThread "Compiler Source File Reader" daemon [_thread_blocked, id=8472, stack(0x0000005e0f700000,0x0000005e0f800000) (1024K)]
  0x00000185483af840 JavaThread "Compiler Source File Reader" daemon [_thread_blocked, id=18120, stack(0x0000005e0f800000,0x0000005e0f900000) (1024K)]
  0x00000185483aca50 JavaThread "Compiler Source File Reader" daemon [_thread_blocked, id=16692, stack(0x0000005e0f900000,0x0000005e0fa00000) (1024K)]
  0x00000185483afed0 JavaThread "Compiler Source File Reader" daemon [_thread_blocked, id=22364, stack(0x0000005e0fa00000,0x0000005e0fb00000) (1024K)]
  0x00000185483ae490 JavaThread "Compiler Source File Reader" daemon [_thread_blocked, id=10528, stack(0x0000005e0fb00000,0x0000005e0fc00000) (1024K)]
  0x00000185483b0560 JavaThread "Compiler Source File Reader" daemon [_thread_blocked, id=22504, stack(0x0000005e0fc00000,0x0000005e0fd00000) (1024K)]
  0x00000185483ad0e0 JavaThread "Compiler Source File Reader" daemon [_thread_blocked, id=7652, stack(0x0000005e0fd00000,0x0000005e0fe00000) (1024K)]
  0x00000185483b0bf0 JavaThread "Compiler Processing Task"   daemon [_thread_blocked, id=16240, stack(0x0000005e0fe00000,0x0000005e0ff00000) (1024K)]
  0x00000185483ad770 JavaThread "Compiler Class File Writer" daemon [_thread_blocked, id=14964, stack(0x0000005e0ff00000,0x0000005e10000000) (1024K)]
  0x00000185483b2630 JavaThread "Compiler Class File Writer" daemon [_thread_blocked, id=10340, stack(0x0000005e10000000,0x0000005e10100000) (1024K)]
  0x00000185483b1280 JavaThread "Compiler Class File Writer" daemon [_thread_blocked, id=17112, stack(0x0000005e10100000,0x0000005e10200000) (1024K)]
  0x00000185483b1910 JavaThread "Compiler Class File Writer" daemon [_thread_blocked, id=6648, stack(0x0000005e10200000,0x0000005e10300000) (1024K)]
  0x00000185483b1fa0 JavaThread "Compiler Class File Writer" daemon [_thread_blocked, id=16228, stack(0x0000005e10300000,0x0000005e10400000) (1024K)]
  0x00000185483b2cc0 JavaThread "Compiler Class File Writer" daemon [_thread_blocked, id=8872, stack(0x0000005e10400000,0x0000005e10500000) (1024K)]
  0x00000185483b3350 JavaThread "Compiler Class File Writer" daemon [_thread_blocked, id=6620, stack(0x0000005e10500000,0x0000005e10600000) (1024K)]
  0x00000185513d7a10 JavaThread "Compiler Class File Writer" daemon [_thread_blocked, id=16516, stack(0x0000005e10600000,0x0000005e10700000) (1024K)]
  0x00000185513d8dc0 JavaThread "Compiler Source File Reader" daemon [_thread_blocked, id=11924, stack(0x0000005e10700000,0x0000005e10800000) (1024K)]
  0x00000185513da170 JavaThread "Compiler Class File Writer" daemon [_thread_blocked, id=15376, stack(0x0000005e10800000,0x0000005e10900000) (1024K)]
  0x00000185513d9ae0 JavaThread "Compiler Source File Reader" daemon [_thread_blocked, id=12536, stack(0x0000005e10900000,0x0000005e10a00000) (1024K)]
=>0x00000185505ba7e0 JavaThread "C2 CompilerThread2"         daemon [_thread_in_native, id=8324, stack(0x0000005e0b200000,0x0000005e0b300000) (1024K)]
Total: 102

Other Threads:
  0x0000018566b6ea20 VMThread "VM Thread"                           [id=6240, stack(0x0000005e09700000,0x0000005e09800000) (1024K)]
  0x0000018568f99a30 WatcherThread "VM Periodic Task Thread"        [id=1868, stack(0x0000005e09600000,0x0000005e09700000) (1024K)]
  0x0000018568f4a340 WorkerThread "GC Thread#0"                     [id=5016, stack(0x0000005e09500000,0x0000005e09600000) (1024K)]
  0x0000018547607610 WorkerThread "GC Thread#1"                     [id=13060, stack(0x0000005e0a400000,0x0000005e0a500000) (1024K)]
  0x0000018547564670 WorkerThread "GC Thread#2"                     [id=1988, stack(0x0000005e0a500000,0x0000005e0a600000) (1024K)]
  0x000001854768f970 WorkerThread "GC Thread#3"                     [id=18424, stack(0x0000005e0a600000,0x0000005e0a700000) (1024K)]
  0x00000185471b7130 WorkerThread "GC Thread#4"                     [id=12872, stack(0x0000005e0a700000,0x0000005e0a800000) (1024K)]
  0x00000185471b74e0 WorkerThread "GC Thread#5"                     [id=14752, stack(0x0000005e0a800000,0x0000005e0a900000) (1024K)]
  0x00000185471b7890 WorkerThread "GC Thread#6"                     [id=10424, stack(0x0000005e0a900000,0x0000005e0aa00000) (1024K)]
  0x0000018547899a60 WorkerThread "GC Thread#7"                     [id=3132, stack(0x0000005e0ab00000,0x0000005e0ac00000) (1024K)]
  0x0000018547d1b760 WorkerThread "GC Thread#8"                     [id=3916, stack(0x0000005e0af00000,0x0000005e0b000000) (1024K)]
  0x0000018547f1ed00 WorkerThread "GC Thread#9"                     [id=19732, stack(0x0000005e0b000000,0x0000005e0b100000) (1024K)]
Total: 12

Threads with active compile tasks:
C2 CompilerThread2  42379 15092       4       org.eclipse.jdt.internal.compiler.lookup.BinaryTypeBinding::createMethod (1666 bytes)
Total: 1

VM state: at safepoint (normal execution)

VM Mutex/Monitor currently owned by a thread:  ([mutex/lock_event])
[0x00007ffb810af570] Threads_lock - owner thread: 0x0000018566b6ea20
[0x00007ffb810af670] Heap_lock - owner thread: 0x0000018547e558c0

Heap address: 0x0000000080000000, size: 2048 MB, Compressed Oops mode: 32-bit

CDS archive(s) mapped at: [0x0000018500000000-0x0000018500ba0000-0x0000018500ba0000), size 12189696, SharedBaseAddress: 0x0000018500000000, ArchiveRelocationMode: 1.
Compressed class space mapped at: 0x0000018501000000-0x0000018541000000, reserved size: 1073741824
Narrow klass base: 0x0000018500000000, Narrow klass shift: 0, Narrow klass range: 0x100000000

GC Precious Log:
 CardTable entry size: 512
 CPUs: 12 total, 12 available
 Memory: 15178M
 Large Page Support: Disabled
 NUMA Support: Disabled
 Compressed Oops: Enabled (32-bit)
 Alignments: Space 512K, Generation 512K, Heap 2M
 Heap Min Capacity: 100M
 Heap Initial Capacity: 100M
 Heap Max Capacity: 2G
 Pre-touch: Disabled
 Parallel Workers: 10

Heap:
 PSYoungGen      total 11776K, used 1024K [0x00000000d5580000, 0x00000000d6280000, 0x0000000100000000)
  eden space 10752K, 0% used [0x00000000d5580000,0x00000000d5580000,0x00000000d6000000)
  from space 1024K, 100% used [0x00000000d6080000,0x00000000d6180000,0x00000000d6180000)
  to   space 1024K, 0% used [0x00000000d6180000,0x00000000d6180000,0x00000000d6280000)
 ParOldGen       total 755200K, used 755037K [0x0000000080000000, 0x00000000ae180000, 0x00000000d5580000)
  object space 755200K, 99% used [0x0000000080000000,0x00000000ae1574a0,0x00000000ae180000)
 Metaspace       used 79989K, committed 81664K, reserved 1179648K
  class space    used 8555K, committed 9344K, reserved 1048576K

Card table byte_map: [0x00000185688b0000,0x0000018568cc0000] _byte_map_base: 0x00000185684b0000

Marking Bits: (ParMarkBitMap*) 0x00007ffb810b4460
 Begin Bits: [0x000001857b3c0000, 0x000001857d3c0000)
 End Bits:   [0x000001857d3c0000, 0x000001857f3c0000)

Polling page: 0x0000018566c80000

Metaspace:

Usage:
  Non-class:     69.76 MB used.
      Class:      8.35 MB used.
       Both:     78.11 MB used.

Virtual space:
  Non-class space:      128.00 MB reserved,      70.62 MB ( 55%) committed,  2 nodes.
      Class space:        1.00 GB reserved,       9.12 MB ( <1%) committed,  1 nodes.
             Both:        1.12 GB reserved,      79.75 MB (  7%) committed. 

Chunk freelists:
   Non-Class:  9.25 MB
       Class:  6.91 MB
        Both:  16.16 MB

MaxMetaspaceSize: unlimited
CompressedClassSpaceSize: 1.00 GB
Initial GC threshold: 21.00 MB
Current GC threshold: 97.31 MB
CDS: on
 - commit_granule_bytes: 65536.
 - commit_granule_words: 8192.
 - virtual_space_node_default_size: 8388608.
 - enlarge_chunks_in_place: 1.
 - use_allocation_guard: 0.


Internal statistics:

num_allocs_failed_limit: 11.
num_arena_births: 1408.
num_arena_deaths: 22.
num_vsnodes_births: 3.
num_vsnodes_deaths: 0.
num_space_committed: 1276.
num_space_uncommitted: 0.
num_chunks_returned_to_freelist: 37.
num_chunks_taken_from_freelist: 5150.
num_chunk_merges: 14.
num_chunk_splits: 3118.
num_chunks_enlarged: 1683.
num_inconsistent_stats: 0.

CodeHeap 'non-profiled nmethods': size=120000Kb used=11747Kb max_used=11747Kb free=108253Kb
 bounds [0x0000018573be0000, 0x0000018574760000, 0x000001857b110000]
CodeHeap 'profiled nmethods': size=120000Kb used=31667Kb max_used=31667Kb free=88332Kb
 bounds [0x000001856c110000, 0x000001856e000000, 0x0000018573640000]
CodeHeap 'non-nmethods': size=5760Kb used=1503Kb max_used=1596Kb free=4256Kb
 bounds [0x0000018573640000, 0x00000185738b0000, 0x0000018573be0000]
CodeCache: size=245760Kb, used=44917Kb, max_used=45010Kb, free=200841Kb
 total_blobs=15263, nmethods=14439, adapters=728, full_count=0
Compilation: enabled, stopped_count=0, restarted_count=0

Compilation events (20 events):
Event: 41.310 Thread 0x0000018541d05220 nmethod 15178 0x000001856dfe7b10 code [0x000001856dfe7e00, 0x000001856dfe8c18]
Event: 41.310 Thread 0x0000018541d05220 15180       3       org.codehaus.plexus.util.SelectorUtils::match (520 bytes)
Event: 41.311 Thread 0x0000018547ff8070 nmethod 15176 0x000001857474f510 code [0x000001857474f6a0, 0x000001857474f7d8]
Event: 41.311 Thread 0x0000018547ff8070 15170 %     4       java.util.Hashtable::rehash @ 90 (142 bytes)
Event: 41.312 Thread 0x0000018541d05220 nmethod 15180 0x000001856dfe9210 code [0x000001856dfe9520, 0x000001856dfea830]
Event: 41.312 Thread 0x0000018541d05220 15177       3       org.codehaus.plexus.util.MatchPattern::fromString (12 bytes)
Event: 41.312 Thread 0x0000018541d05220 nmethod 15177 0x000001856dfeae90 code [0x000001856dfeb040, 0x000001856dfeb1d8]
Event: 41.312 Thread 0x0000018541d05220 15183       1       java.util.AbstractList$RandomAccessSpliterator::characteristics (4 bytes)
Event: 41.313 Thread 0x0000018541d05220 nmethod 15183 0x000001857474f910 code [0x000001857474faa0, 0x000001857474fb68]
Event: 41.313 Thread 0x0000018541d05220 15182       3       org.eclipse.jdt.internal.core.JavaProject::getRawClasspath (38 bytes)
Event: 41.314 Thread 0x0000018541d05220 nmethod 15182 0x000001856dfeb290 code [0x000001856dfeb4c0, 0x000001856dfebd70]
Event: 41.314 Thread 0x0000018541d05220 15189       3       org.eclipse.jdt.ls.core.internal.filesystem.JLSFileSystem::getStore (76 bytes)
Event: 41.315 Thread 0x0000018547ff8070 nmethod 15170% 0x000001857474fc10 code [0x000001857474fdc0, 0x0000018574750038]
Event: 41.315 Thread 0x0000018547ff8070 15181       4       sun.nio.fs.WindowsPath::getNameCount (10 bytes)
Event: 41.316 Thread 0x0000018541d05220 nmethod 15189 0x000001856dfec090 code [0x000001856dfec460, 0x000001856dfeda40]
Event: 41.316 Thread 0x0000018541d05220 15190       3       org.eclipse.core.internal.filesystem.InternalFileSystemCore::getStore (39 bytes)
Event: 41.317 Thread 0x0000018547ff8070 nmethod 15181 0x0000018574750210 code [0x00000185747503a0, 0x0000018574750470]
Event: 41.317 Thread 0x0000018547ff8070 15192       4       java.util.concurrent.locks.AbstractQueuedSynchronizer::acquireShared (20 bytes)
Event: 41.317 Thread 0x0000018541d05220 nmethod 15190 0x000001856dfee310 code [0x000001856dfee520, 0x000001856dfee9e0]
Event: 41.317 Thread 0x0000018541d05220 15187       3       org.eclipse.core.internal.localstore.FileStoreRoot::getManager (85 bytes)

GC Heap History (20 events):
Event: 39.989 GC heap before
{Heap before GC invocations=880 (full 3):
 PSYoungGen      total 11776K, used 11596K [0x00000000d5580000, 0x00000000d6480000, 0x0000000100000000)
  eden space 10240K, 100% used [0x00000000d5580000,0x00000000d5f80000,0x00000000d5f80000)
  from space 1536K, 88% used [0x00000000d6300000,0x00000000d6453008,0x00000000d6480000)
  to   space 1536K, 0% used [0x00000000d5f80000,0x00000000d5f80000,0x00000000d6100000)
 ParOldGen       total 709632K, used 709485K [0x0000000080000000, 0x00000000ab500000, 0x00000000d5580000)
  object space 709632K, 99% used [0x0000000080000000,0x00000000ab4db478,0x00000000ab500000)
 Metaspace       used 79912K, committed 81600K, reserved 1179648K
  class space    used 8554K, committed 9344K, reserved 1048576K
}
Event: 39.993 GC heap after
{Heap after GC invocations=880 (full 3):
 PSYoungGen      total 11776K, used 1328K [0x00000000d5580000, 0x00000000d6380000, 0x0000000100000000)
  eden space 10240K, 0% used [0x00000000d5580000,0x00000000d5580000,0x00000000d5f80000)
  from space 1536K, 86% used [0x00000000d5f80000,0x00000000d60cc010,0x00000000d6100000)
  to   space 1536K, 0% used [0x00000000d6200000,0x00000000d6200000,0x00000000d6380000)
 ParOldGen       total 711168K, used 710717K [0x0000000080000000, 0x00000000ab680000, 0x00000000d5580000)
  object space 711168K, 99% used [0x0000000080000000,0x00000000ab60f678,0x00000000ab680000)
 Metaspace       used 79912K, committed 81600K, reserved 1179648K
  class space    used 8554K, committed 9344K, reserved 1048576K
}
Event: 40.014 GC heap before
{Heap before GC invocations=881 (full 3):
 PSYoungGen      total 11776K, used 11568K [0x00000000d5580000, 0x00000000d6380000, 0x0000000100000000)
  eden space 10240K, 100% used [0x00000000d5580000,0x00000000d5f80000,0x00000000d5f80000)
  from space 1536K, 86% used [0x00000000d5f80000,0x00000000d60cc010,0x00000000d6100000)
  to   space 1536K, 0% used [0x00000000d6200000,0x00000000d6200000,0x00000000d6380000)
 ParOldGen       total 711168K, used 710717K [0x0000000080000000, 0x00000000ab680000, 0x00000000d5580000)
  object space 711168K, 99% used [0x0000000080000000,0x00000000ab60f678,0x00000000ab680000)
 Metaspace       used 79916K, committed 81600K, reserved 1179648K
  class space    used 8554K, committed 9344K, reserved 1048576K
}
Event: 40.017 GC heap after
{Heap after GC invocations=881 (full 3):
 PSYoungGen      total 11776K, used 1130K [0x00000000d5580000, 0x00000000d6380000, 0x0000000100000000)
  eden space 10240K, 0% used [0x00000000d5580000,0x00000000d5580000,0x00000000d5f80000)
  from space 1536K, 73% used [0x00000000d6200000,0x00000000d631a930,0x00000000d6380000)
  to   space 1536K, 0% used [0x00000000d5f80000,0x00000000d5f80000,0x00000000d6100000)
 ParOldGen       total 712192K, used 711811K [0x0000000080000000, 0x00000000ab780000, 0x00000000d5580000)
  object space 712192K, 99% used [0x0000000080000000,0x00000000ab720c88,0x00000000ab780000)
 Metaspace       used 79916K, committed 81600K, reserved 1179648K
  class space    used 8554K, committed 9344K, reserved 1048576K
}
Event: 40.038 GC heap before
{Heap before GC invocations=882 (full 3):
 PSYoungGen      total 11776K, used 11370K [0x00000000d5580000, 0x00000000d6380000, 0x0000000100000000)
  eden space 10240K, 100% used [0x00000000d5580000,0x00000000d5f80000,0x00000000d5f80000)
  from space 1536K, 73% used [0x00000000d6200000,0x00000000d631a930,0x00000000d6380000)
  to   space 1536K, 0% used [0x00000000d5f80000,0x00000000d5f80000,0x00000000d6100000)
 ParOldGen       total 712192K, used 711811K [0x0000000080000000, 0x00000000ab780000, 0x00000000d5580000)
  object space 712192K, 99% used [0x0000000080000000,0x00000000ab720c88,0x00000000ab780000)
 Metaspace       used 79928K, committed 81664K, reserved 1179648K
  class space    used 8554K, committed 9344K, reserved 1048576K
}
Event: 40.042 GC heap after
{Heap after GC invocations=882 (full 3):
 PSYoungGen      total 11776K, used 1476K [0x00000000d5580000, 0x00000000d6380000, 0x0000000100000000)
  eden space 10240K, 0% used [0x00000000d5580000,0x00000000d5580000,0x00000000d5f80000)
  from space 1536K, 96% used [0x00000000d5f80000,0x00000000d60f1210,0x00000000d6100000)
  to   space 2048K, 0% used [0x00000000d6180000,0x00000000d6180000,0x00000000d6380000)
 ParOldGen       total 713216K, used 712775K [0x0000000080000000, 0x00000000ab880000, 0x00000000d5580000)
  object space 713216K, 99% used [0x0000000080000000,0x00000000ab811eb8,0x00000000ab880000)
 Metaspace       used 79928K, committed 81664K, reserved 1179648K
  class space    used 8554K, committed 9344K, reserved 1048576K
}
Event: 40.122 GC heap before
{Heap before GC invocations=883 (full 3):
 PSYoungGen      total 11776K, used 11716K [0x00000000d5580000, 0x00000000d6380000, 0x0000000100000000)
  eden space 10240K, 100% used [0x00000000d5580000,0x00000000d5f80000,0x00000000d5f80000)
  from space 1536K, 96% used [0x00000000d5f80000,0x00000000d60f1210,0x00000000d6100000)
  to   space 2048K, 0% used [0x00000000d6180000,0x00000000d6180000,0x00000000d6380000)
 ParOldGen       total 713216K, used 712775K [0x0000000080000000, 0x00000000ab880000, 0x00000000d5580000)
  object space 713216K, 99% used [0x0000000080000000,0x00000000ab811eb8,0x00000000ab880000)
 Metaspace       used 79949K, committed 81664K, reserved 1179648K
  class space    used 8554K, committed 9344K, reserved 1048576K
}
Event: 40.125 GC heap after
{Heap after GC invocations=883 (full 3):
 PSYoungGen      total 11776K, used 1028K [0x00000000d5580000, 0x00000000d6300000, 0x0000000100000000)
  eden space 10240K, 0% used [0x00000000d5580000,0x00000000d5580000,0x00000000d5f80000)
  from space 1536K, 66% used [0x00000000d6180000,0x00000000d6281230,0x00000000d6300000)
  to   space 1536K, 0% used [0x00000000d5f80000,0x00000000d5f80000,0x00000000d6100000)
 ParOldGen       total 713728K, used 713684K [0x0000000080000000, 0x00000000ab900000, 0x00000000d5580000)
  object space 713728K, 99% used [0x0000000080000000,0x00000000ab8f5150,0x00000000ab900000)
 Metaspace       used 79949K, committed 81664K, reserved 1179648K
  class space    used 8554K, committed 9344K, reserved 1048576K
}
Event: 40.177 GC heap before
{Heap before GC invocations=884 (full 3):
 PSYoungGen      total 11776K, used 11268K [0x00000000d5580000, 0x00000000d6300000, 0x0000000100000000)
  eden space 10240K, 100% used [0x00000000d5580000,0x00000000d5f80000,0x00000000d5f80000)
  from space 1536K, 66% used [0x00000000d6180000,0x00000000d6281230,0x00000000d6300000)
  to   space 1536K, 0% used [0x00000000d5f80000,0x00000000d5f80000,0x00000000d6100000)
 ParOldGen       total 713728K, used 713684K [0x0000000080000000, 0x00000000ab900000, 0x00000000d5580000)
  object space 713728K, 99% used [0x0000000080000000,0x00000000ab8f5150,0x00000000ab900000)
 Metaspace       used 79949K, committed 81664K, reserved 1179648K
  class space    used 8554K, committed 9344K, reserved 1048576K
}
Event: 40.180 GC heap after
{Heap after GC invocations=884 (full 3):
 PSYoungGen      total 11776K, used 1032K [0x00000000d5580000, 0x00000000d6280000, 0x0000000100000000)
  eden space 10240K, 0% used [0x00000000d5580000,0x00000000d5580000,0x00000000d5f80000)
  from space 1536K, 67% used [0x00000000d5f80000,0x00000000d6082368,0x00000000d6100000)
  to   space 1536K, 0% used [0x00000000d6100000,0x00000000d6100000,0x00000000d6280000)
 ParOldGen       total 714752K, used 714472K [0x0000000080000000, 0x00000000aba00000, 0x00000000d5580000)
  object space 714752K, 99% used [0x0000000080000000,0x00000000ab9ba380,0x00000000aba00000)
 Metaspace       used 79949K, committed 81664K, reserved 1179648K
  class space    used 8554K, committed 9344K, reserved 1048576K
}
Event: 40.206 GC heap before
{Heap before GC invocations=885 (full 3):
 PSYoungGen      total 11776K, used 11272K [0x00000000d5580000, 0x00000000d6280000, 0x0000000100000000)
  eden space 10240K, 100% used [0x00000000d5580000,0x00000000d5f80000,0x00000000d5f80000)
  from space 1536K, 67% used [0x00000000d5f80000,0x00000000d6082368,0x00000000d6100000)
  to   space 1536K, 0% used [0x00000000d6100000,0x00000000d6100000,0x00000000d6280000)
 ParOldGen       total 714752K, used 714472K [0x0000000080000000, 0x00000000aba00000, 0x00000000d5580000)
  object space 714752K, 99% used [0x0000000080000000,0x00000000ab9ba380,0x00000000aba00000)
 Metaspace       used 79950K, committed 81664K, reserved 1179648K
  class space    used 8554K, committed 9344K, reserved 1048576K
}
Event: 40.209 GC heap after
{Heap after GC invocations=885 (full 3):
 PSYoungGen      total 10240K, used 1532K [0x00000000d5580000, 0x00000000d6580000, 0x0000000100000000)
  eden space 8704K, 0% used [0x00000000d5580000,0x00000000d5580000,0x00000000d5e00000)
  from space 1536K, 99% used [0x00000000d6100000,0x00000000d627f0e8,0x00000000d6280000)
  to   space 3072K, 0% used [0x00000000d5e00000,0x00000000d5e00000,0x00000000d6100000)
 ParOldGen       total 715776K, used 715310K [0x0000000080000000, 0x00000000abb00000, 0x00000000d5580000)
  object space 715776K, 99% used [0x0000000080000000,0x00000000aba8bb78,0x00000000abb00000)
 Metaspace       used 79950K, committed 81664K, reserved 1179648K
  class space    used 8554K, committed 9344K, reserved 1048576K
}
Event: 40.229 GC heap before
{Heap before GC invocations=886 (full 3):
 PSYoungGen      total 10240K, used 10236K [0x00000000d5580000, 0x00000000d6580000, 0x0000000100000000)
  eden space 8704K, 100% used [0x00000000d5580000,0x00000000d5e00000,0x00000000d5e00000)
  from space 1536K, 99% used [0x00000000d6100000,0x00000000d627f0e8,0x00000000d6280000)
  to   space 3072K, 0% used [0x00000000d5e00000,0x00000000d5e00000,0x00000000d6100000)
 ParOldGen       total 715776K, used 715310K [0x0000000080000000, 0x00000000abb00000, 0x00000000d5580000)
  object space 715776K, 99% used [0x0000000080000000,0x00000000aba8bb78,0x00000000abb00000)
 Metaspace       used 79950K, committed 81664K, reserved 1179648K
  class space    used 8554K, committed 9344K, reserved 1048576K
}
Event: 40.232 GC heap after
{Heap after GC invocations=886 (full 3):
 PSYoungGen      total 10752K, used 1956K [0x00000000d5580000, 0x00000000d6300000, 0x0000000100000000)
  eden space 8704K, 0% used [0x00000000d5580000,0x00000000d5580000,0x00000000d5e00000)
  from space 2048K, 95% used [0x00000000d5e00000,0x00000000d5fe9028,0x00000000d6000000)
  to   space 2560K, 0% used [0x00000000d6080000,0x00000000d6080000,0x00000000d6300000)
 ParOldGen       total 716800K, used 716744K [0x0000000080000000, 0x00000000abc00000, 0x00000000d5580000)
  object space 716800K, 99% used [0x0000000080000000,0x00000000abbf2230,0x00000000abc00000)
 Metaspace       used 79950K, committed 81664K, reserved 1179648K
  class space    used 8554K, committed 9344K, reserved 1048576K
}
Event: 40.251 GC heap before
{Heap before GC invocations=887 (full 3):
 PSYoungGen      total 10752K, used 10660K [0x00000000d5580000, 0x00000000d6300000, 0x0000000100000000)
  eden space 8704K, 100% used [0x00000000d5580000,0x00000000d5e00000,0x00000000d5e00000)
  from space 2048K, 95% used [0x00000000d5e00000,0x00000000d5fe9028,0x00000000d6000000)
  to   space 2560K, 0% used [0x00000000d6080000,0x00000000d6080000,0x00000000d6300000)
 ParOldGen       total 716800K, used 716744K [0x0000000080000000, 0x00000000abc00000, 0x00000000d5580000)
  object space 716800K, 99% used [0x0000000080000000,0x00000000abbf2230,0x00000000abc00000)
 Metaspace       used 79950K, committed 81664K, reserved 1179648K
  class space    used 8554K, committed 9344K, reserved 1048576K
}
Event: 40.254 GC heap after
{Heap after GC invocations=887 (full 3):
 PSYoungGen      total 11264K, used 2238K [0x00000000d5580000, 0x00000000d6300000, 0x0000000100000000)
  eden space 8704K, 0% used [0x00000000d5580000,0x00000000d5580000,0x00000000d5e00000)
  from space 2560K, 87% used [0x00000000d6080000,0x00000000d62af940,0x00000000d6300000)
  to   space 2560K, 0% used [0x00000000d5e00000,0x00000000d5e00000,0x00000000d6080000)
 ParOldGen       total 718848K, used 718549K [0x0000000080000000, 0x00000000abe00000, 0x00000000d5580000)
  object space 718848K, 99% used [0x0000000080000000,0x00000000abdb54e8,0x00000000abe00000)
 Metaspace       used 79950K, committed 81664K, reserved 1179648K
  class space    used 8554K, committed 9344K, reserved 1048576K
}
Event: 40.274 GC heap before
{Heap before GC invocations=888 (full 3):
 PSYoungGen      total 11264K, used 10942K [0x00000000d5580000, 0x00000000d6300000, 0x0000000100000000)
  eden space 8704K, 100% used [0x00000000d5580000,0x00000000d5e00000,0x00000000d5e00000)
  from space 2560K, 87% used [0x00000000d6080000,0x00000000d62af940,0x00000000d6300000)
  to   space 2560K, 0% used [0x00000000d5e00000,0x00000000d5e00000,0x00000000d6080000)
 ParOldGen       total 718848K, used 718549K [0x0000000080000000, 0x00000000abe00000, 0x00000000d5580000)
  object space 718848K, 99% used [0x0000000080000000,0x00000000abdb5500,0x00000000abe00000)
 Metaspace       used 79958K, committed 81664K, reserved 1179648K
  class space    used 8554K, committed 9344K, reserved 1048576K
}
Event: 40.278 GC heap after
{Heap after GC invocations=888 (full 3):
 PSYoungGen      total 10752K, used 1875K [0x00000000d5580000, 0x00000000d6200000, 0x0000000100000000)
  eden space 8704K, 0% used [0x00000000d5580000,0x00000000d5580000,0x00000000d5e00000)
  from space 2048K, 91% used [0x00000000d5e00000,0x00000000d5fd4ec0,0x00000000d6000000)
  to   space 2048K, 0% used [0x00000000d6000000,0x00000000d6000000,0x00000000d6200000)
 ParOldGen       total 720896K, used 720649K [0x0000000080000000, 0x00000000ac000000, 0x00000000d5580000)
  object space 720896K, 99% used [0x0000000080000000,0x00000000abfc25a8,0x00000000ac000000)
 Metaspace       used 79958K, committed 81664K, reserved 1179648K
  class space    used 8554K, committed 9344K, reserved 1048576K
}
Event: 40.304 GC heap before
{Heap before GC invocations=889 (full 3):
 PSYoungGen      total 10752K, used 10579K [0x00000000d5580000, 0x00000000d6200000, 0x0000000100000000)
  eden space 8704K, 100% used [0x00000000d5580000,0x00000000d5e00000,0x00000000d5e00000)
  from space 2048K, 91% used [0x00000000d5e00000,0x00000000d5fd4ec0,0x00000000d6000000)
  to   space 2048K, 0% used [0x00000000d6000000,0x00000000d6000000,0x00000000d6200000)
 ParOldGen       total 720896K, used 720661K [0x0000000080000000, 0x00000000ac000000, 0x00000000d5580000)
  object space 720896K, 99% used [0x0000000080000000,0x00000000abfc5448,0x00000000ac000000)
 Metaspace       used 79967K, committed 81664K, reserved 1179648K
  class space    used 8554K, committed 9344K, reserved 1048576K
}
Event: 41.306 GC heap after
{Heap after GC invocations=889 (full 3):
 PSYoungGen      total 10752K, used 1336K [0x00000000d5580000, 0x00000000d6400000, 0x0000000100000000)
  eden space 8704K, 0% used [0x00000000d5580000,0x00000000d5580000,0x00000000d5e00000)
  from space 2048K, 65% used [0x00000000d6000000,0x00000000d614e008,0x00000000d6200000)
  to   space 2048K, 0% used [0x00000000d5e00000,0x00000000d5e00000,0x00000000d6000000)
 ParOldGen       total 721920K, used 721661K [0x0000000080000000, 0x00000000ac100000, 0x00000000d5580000)
  object space 721920K, 99% used [0x0000000080000000,0x00000000ac0bf448,0x00000000ac100000)
 Metaspace       used 79967K, committed 81664K, reserved 1179648K
  class space    used 8554K, committed 9344K, reserved 1048576K
}

Dll operation events (12 events):
Event: 0.025 Loaded shared library c:\Users\Lenovo\.vscode\extensions\redhat.java-1.55.0-win32-x64\jre\21.0.11-win32-x86_64\bin\java.dll
Event: 0.117 Loaded shared library c:\Users\Lenovo\.vscode\extensions\redhat.java-1.55.0-win32-x64\jre\21.0.11-win32-x86_64\bin\zip.dll
Event: 0.136 Loaded shared library C:\Users\Lenovo\.vscode\extensions\redhat.java-1.55.0-win32-x64\jre\21.0.11-win32-x86_64\bin\instrument.dll
Event: 0.141 Loaded shared library C:\Users\Lenovo\.vscode\extensions\redhat.java-1.55.0-win32-x64\jre\21.0.11-win32-x86_64\bin\net.dll
Event: 0.144 Loaded shared library C:\Users\Lenovo\.vscode\extensions\redhat.java-1.55.0-win32-x64\jre\21.0.11-win32-x86_64\bin\nio.dll
Event: 0.146 Loaded shared library C:\Users\Lenovo\.vscode\extensions\redhat.java-1.55.0-win32-x64\jre\21.0.11-win32-x86_64\bin\zip.dll
Event: 0.162 Loaded shared library C:\Users\Lenovo\.vscode\extensions\redhat.java-1.55.0-win32-x64\jre\21.0.11-win32-x86_64\bin\jimage.dll
Event: 0.237 Loaded shared library c:\Users\Lenovo\.vscode\extensions\redhat.java-1.55.0-win32-x64\jre\21.0.11-win32-x86_64\bin\verify.dll
Event: 1.509 Loaded shared library C:\Users\Lenovo\AppData\Roaming\Code\User\globalStorage\redhat.java\1.55.0\config_win\org.eclipse.equinox.launcher\org.eclipse.equinox.launcher.win32.win32.x86_64_1.3.100.v20260613-0559\eclipse_11924.dll
Event: 4.548 Loaded shared library C:\Users\Lenovo\AppData\Local\Temp\jna--2022488749\jna4097577830818113090.dll
Event: 11.425 Loaded shared library C:\Users\Lenovo\.vscode\extensions\redhat.java-1.55.0-win32-x64\jre\21.0.11-win32-x86_64\bin\sunmscapi.dll
Event: 12.010 Loaded shared library C:\Users\Lenovo\.vscode\extensions\redhat.java-1.55.0-win32-x64\jre\21.0.11-win32-x86_64\bin\extnet.dll

Deoptimization events (20 events):
Event: 40.022 Thread 0x000001854cf1b650 Uncommon trap: trap_request=0xffffffde fr.pc=0x000001857463f41c relative=0x0000000000003b3c
Event: 40.022 Thread 0x000001854cf1b650 Uncommon trap: reason=class_check action=maybe_recompile pc=0x000001857463f41c method=java.nio.file.Files.newByteChannel(Ljava/nio/file/Path;Ljava/util/Set;[Ljava/nio/file/attribute/FileAttribute;)Ljava/nio/channels/SeekableByteChannel; @ 7 c2
Event: 40.022 Thread 0x000001854cf1b650 DEOPT PACKING pc=0x000001857463f41c sp=0x0000005e0e6fe750
Event: 40.022 Thread 0x000001854cf1b650 DEOPT UNPACKING pc=0x0000018573693aa2 sp=0x0000005e0e6fe690 mode 2
Event: 40.024 Thread 0x0000018549b23430 Uncommon trap: trap_request=0xffffffde fr.pc=0x000001857463f41c relative=0x0000000000003b3c
Event: 40.024 Thread 0x0000018549b23430 Uncommon trap: reason=class_check action=maybe_recompile pc=0x000001857463f41c method=java.nio.file.Files.newByteChannel(Ljava/nio/file/Path;Ljava/util/Set;[Ljava/nio/file/attribute/FileAttribute;)Ljava/nio/channels/SeekableByteChannel; @ 7 c2
Event: 40.024 Thread 0x0000018549b23430 DEOPT PACKING pc=0x000001857463f41c sp=0x0000005e0ccfde90
Event: 40.024 Thread 0x0000018549b23430 DEOPT UNPACKING pc=0x0000018573693aa2 sp=0x0000005e0ccfddd0 mode 2
Event: 40.045 Thread 0x0000018548b6a060 Uncommon trap: trap_request=0xffffffde fr.pc=0x000001857463f41c relative=0x0000000000003b3c
Event: 40.045 Thread 0x0000018548b6a060 Uncommon trap: reason=class_check action=maybe_recompile pc=0x000001857463f41c method=java.nio.file.Files.newByteChannel(Ljava/nio/file/Path;Ljava/util/Set;[Ljava/nio/file/attribute/FileAttribute;)Ljava/nio/channels/SeekableByteChannel; @ 7 c2
Event: 40.045 Thread 0x0000018548b6a060 DEOPT PACKING pc=0x000001857463f41c sp=0x0000005e0e1fe500
Event: 40.045 Thread 0x0000018548b6a060 DEOPT UNPACKING pc=0x0000018573693aa2 sp=0x0000005e0e1fe440 mode 2
Event: 40.053 Thread 0x0000018549b23430 Uncommon trap: trap_request=0xffffff45 fr.pc=0x0000018574375bac relative=0x000000000000018c
Event: 40.053 Thread 0x0000018549b23430 Uncommon trap: reason=unstable_if action=reinterpret pc=0x0000018574375bac method=java.lang.StringCoding.implEncodeAsciiArray([CI[BII)I @ 23 c2
Event: 40.053 Thread 0x0000018549b23430 DEOPT PACKING pc=0x0000018574375bac sp=0x0000005e0ccfe4d0
Event: 40.053 Thread 0x0000018549b23430 DEOPT UNPACKING pc=0x0000018573693aa2 sp=0x0000005e0ccfe440 mode 2
Event: 40.053 Thread 0x0000018549b23430 Uncommon trap: trap_request=0xffffff45 fr.pc=0x00000185746f5468 relative=0x0000000000000408
Event: 40.053 Thread 0x0000018549b23430 Uncommon trap: reason=unstable_if action=reinterpret pc=0x00000185746f5468 method=java.io.BufferedOutputStream.implWrite([BII)V @ 5 c2
Event: 40.053 Thread 0x0000018549b23430 DEOPT PACKING pc=0x00000185746f5468 sp=0x0000005e0ccfe710
Event: 40.053 Thread 0x0000018549b23430 DEOPT UNPACKING pc=0x0000018573693aa2 sp=0x0000005e0ccfe670 mode 2

Classes loaded (20 events):
Event: 20.381 Loading class java/util/HashMap$EntrySpliterator
Event: 20.382 Loading class java/util/HashMap$EntrySpliterator done
Event: 20.650 Loading class java/util/stream/ReduceOps$1
Event: 20.650 Loading class java/util/stream/ReduceOps$1 done
Event: 20.650 Loading class java/util/stream/ReduceOps$1ReducingSink
Event: 20.651 Loading class java/util/stream/ReduceOps$1ReducingSink done
Event: 20.678 Loading class com/sun/org/apache/xerces/internal/util/URI
Event: 20.679 Loading class com/sun/org/apache/xerces/internal/util/URI done
Event: 20.690 Loading class org/xml/sax/SAXNotRecognizedException
Event: 20.690 Loading class org/xml/sax/SAXNotRecognizedException done
Event: 20.690 Loading class org/xml/sax/SAXNotSupportedException
Event: 20.690 Loading class org/xml/sax/SAXNotSupportedException done
Event: 20.695 Loading class com/sun/org/apache/xerces/internal/xni/XNIException
Event: 20.695 Loading class com/sun/org/apache/xerces/internal/xni/XNIException done
Event: 20.699 Loading class com/sun/org/apache/xerces/internal/xni/parser/XMLParseException
Event: 20.699 Loading class com/sun/org/apache/xerces/internal/xni/parser/XMLParseException done
Event: 21.494 Loading class jdk/internal/module/IllegalAccessLogger
Event: 21.494 Loading class jdk/internal/module/IllegalAccessLogger done
Event: 40.271 Loading class jdk/internal/module/IllegalAccessLogger
Event: 40.271 Loading class jdk/internal/module/IllegalAccessLogger done

Classes unloaded (11 events):
Event: 5.046 Thread 0x0000018566b6ea20 Unloading class 0x00000185011a5000 'java/lang/invoke/LambdaForm$MH+0x00000185011a5000'
Event: 5.046 Thread 0x0000018566b6ea20 Unloading class 0x00000185011a4c00 'java/lang/invoke/LambdaForm$MH+0x00000185011a4c00'
Event: 5.046 Thread 0x0000018566b6ea20 Unloading class 0x00000185011a4800 'java/lang/invoke/LambdaForm$MH+0x00000185011a4800'
Event: 5.046 Thread 0x0000018566b6ea20 Unloading class 0x00000185011a4400 'java/lang/invoke/LambdaForm$MH+0x00000185011a4400'
Event: 5.046 Thread 0x0000018566b6ea20 Unloading class 0x00000185011a4000 'java/lang/invoke/LambdaForm$BMH+0x00000185011a4000'
Event: 5.046 Thread 0x0000018566b6ea20 Unloading class 0x00000185011a3c00 'java/lang/invoke/LambdaForm$DMH+0x00000185011a3c00'
Event: 5.046 Thread 0x0000018566b6ea20 Unloading class 0x00000185011a2800 'java/lang/invoke/LambdaForm$DMH+0x00000185011a2800'
Event: 11.489 Thread 0x0000018566b6ea20 Unloading class 0x00000185016dd000 'java/lang/invoke/LambdaForm$DMH+0x00000185016dd000'
Event: 11.489 Thread 0x0000018566b6ea20 Unloading class 0x00000185016dcc00 'java/lang/invoke/LambdaForm$DMH+0x00000185016dcc00'
Event: 11.489 Thread 0x0000018566b6ea20 Unloading class 0x00000185016dc400 'java/lang/invoke/LambdaForm$DMH+0x00000185016dc400'
Event: 11.489 Thread 0x0000018566b6ea20 Unloading class 0x00000185016dc000 'java/lang/invoke/LambdaForm$DMH+0x00000185016dc000'

Classes redefined (0 events):
No events

Internal exceptions (20 events):
Event: 25.818 Thread 0x0000018547e558c0 Exception <a 'sun/nio/fs/WindowsException'{0x00000000d5b3fe68}> (0x00000000d5b3fe68) 
thrown [s\src\hotspot\share\prims\jni.cpp, line 520]
Event: 25.856 Thread 0x0000018547e558c0 Exception <a 'sun/nio/fs/WindowsException'{0x00000000d5585170}> (0x00000000d5585170) 
thrown [s\src\hotspot\share\prims\jni.cpp, line 520]
Event: 25.924 Thread 0x0000018547e558c0 Exception <a 'sun/nio/fs/WindowsException'{0x00000000d5b83310}> (0x00000000d5b83310) 
thrown [s\src\hotspot\share\prims\jni.cpp, line 520]
Event: 25.961 Thread 0x0000018547e558c0 Exception <a 'sun/nio/fs/WindowsException'{0x00000000d599a4d0}> (0x00000000d599a4d0) 
thrown [s\src\hotspot\share\prims\jni.cpp, line 520]
Event: 26.734 Thread 0x0000018547e558c0 Exception <a 'sun/nio/fs/WindowsException'{0x00000000d5580938}> (0x00000000d5580938) 
thrown [s\src\hotspot\share\prims\jni.cpp, line 520]
Event: 26.882 Thread 0x0000018547e558c0 Exception <a 'sun/nio/fs/WindowsException'{0x00000000d5580a60}> (0x00000000d5580a60) 
thrown [s\src\hotspot\share\prims\jni.cpp, line 520]
Event: 26.922 Thread 0x0000018547e558c0 Exception <a 'sun/nio/fs/WindowsException'{0x00000000d5cbe330}> (0x00000000d5cbe330) 
thrown [s\src\hotspot\share\prims\jni.cpp, line 520]
Event: 26.951 Thread 0x0000018547e558c0 Exception <a 'sun/nio/fs/WindowsException'{0x00000000d5c03eb8}> (0x00000000d5c03eb8) 
thrown [s\src\hotspot\share\prims\jni.cpp, line 520]
Event: 26.985 Thread 0x0000018547e558c0 Exception <a 'sun/nio/fs/WindowsException'{0x00000000d5f64070}> (0x00000000d5f64070) 
thrown [s\src\hotspot\share\prims\jni.cpp, line 520]
Event: 27.073 Thread 0x0000018547e558c0 Exception <a 'sun/nio/fs/WindowsException'{0x00000000d5580e20}> (0x00000000d5580e20) 
thrown [s\src\hotspot\share\prims\jni.cpp, line 520]
Event: 31.441 Thread 0x0000018547e558c0 Exception <a 'sun/nio/fs/WindowsException'{0x00000000d5b53e10}> (0x00000000d5b53e10) 
thrown [s\src\hotspot\share\prims\jni.cpp, line 520]
Event: 35.659 Thread 0x0000018547e558c0 Exception <a 'sun/nio/fs/WindowsException'{0x00000000d5d98f98}> (0x00000000d5d98f98) 
thrown [s\src\hotspot\share\prims\jni.cpp, line 520]
Event: 36.705 Thread 0x0000018547e558c0 Exception <a 'sun/nio/fs/WindowsException'{0x00000000d558c888}> (0x00000000d558c888) 
thrown [s\src\hotspot\share\prims\jni.cpp, line 520]
Event: 36.753 Thread 0x0000018547e558c0 Exception <a 'sun/nio/fs/WindowsException'{0x00000000d5d28c98}> (0x00000000d5d28c98) 
thrown [s\src\hotspot\share\prims\jni.cpp, line 520]
Event: 36.779 Thread 0x0000018547e558c0 Exception <a 'sun/nio/fs/WindowsException'{0x00000000d5921828}> (0x00000000d5921828) 
thrown [s\src\hotspot\share\prims\jni.cpp, line 520]
Event: 36.802 Thread 0x0000018547e558c0 Exception <a 'sun/nio/fs/WindowsException'{0x00000000d5ed8d48}> (0x00000000d5ed8d48) 
thrown [s\src\hotspot\share\prims\jni.cpp, line 520]
Event: 36.823 Thread 0x0000018547e558c0 Exception <a 'sun/nio/fs/WindowsException'{0x00000000d559abe0}> (0x00000000d559abe0) 
thrown [s\src\hotspot\share\prims\jni.cpp, line 520]
Event: 36.864 Thread 0x0000018547e558c0 Exception <a 'sun/nio/fs/WindowsException'{0x00000000d59aee80}> (0x00000000d59aee80) 
thrown [s\src\hotspot\share\prims\jni.cpp, line 520]
Event: 40.100 Thread 0x0000018547e558c0 Exception <a 'sun/nio/fs/WindowsException'{0x00000000d5d6b590}> (0x00000000d5d6b590) 
thrown [s\src\hotspot\share\prims\jni.cpp, line 520]
Event: 40.141 Thread 0x0000018547e558c0 Exception <a 'sun/nio/fs/WindowsException'{0x00000000d58efbd8}> (0x00000000d58efbd8) 
thrown [s\src\hotspot\share\prims\jni.cpp, line 520]

ZGC Phase Switch (0 events):
No events

VM Operations (20 events):
Event: 40.017 Executing safepoint VM operation: ParallelGCFailedAllocation (Allocation Failure) done
Event: 40.038 Executing safepoint VM operation: ParallelGCFailedAllocation (Allocation Failure)
Event: 40.042 Executing safepoint VM operation: ParallelGCFailedAllocation (Allocation Failure) done
Event: 40.122 Executing safepoint VM operation: ParallelGCFailedAllocation (Allocation Failure)
Event: 40.125 Executing safepoint VM operation: ParallelGCFailedAllocation (Allocation Failure) done
Event: 40.177 Executing safepoint VM operation: ParallelGCFailedAllocation (Allocation Failure)
Event: 40.180 Executing safepoint VM operation: ParallelGCFailedAllocation (Allocation Failure) done
Event: 40.206 Executing safepoint VM operation: ParallelGCFailedAllocation (Allocation Failure)
Event: 40.209 Executing safepoint VM operation: ParallelGCFailedAllocation (Allocation Failure) done
Event: 40.229 Executing safepoint VM operation: ParallelGCFailedAllocation (Allocation Failure)
Event: 40.232 Executing safepoint VM operation: ParallelGCFailedAllocation (Allocation Failure) done
Event: 40.251 Executing safepoint VM operation: ParallelGCFailedAllocation (Allocation Failure)
Event: 40.255 Executing safepoint VM operation: ParallelGCFailedAllocation (Allocation Failure) done
Event: 40.274 Executing safepoint VM operation: ParallelGCFailedAllocation (Allocation Failure)
Event: 40.274 Executing safepoint VM operation: ParallelGCFailedAllocation (Allocation Failure) done
Event: 40.274 Executing safepoint VM operation: ParallelGCSystemGC (GCLocker Initiated GC)
Event: 40.278 Executing safepoint VM operation: ParallelGCSystemGC (GCLocker Initiated GC) done
Event: 40.304 Executing safepoint VM operation: ParallelGCFailedAllocation (Allocation Failure)
Event: 41.306 Executing safepoint VM operation: ParallelGCFailedAllocation (Allocation Failure) done
Event: 42.311 Executing safepoint VM operation: Cleanup

Memory protections (0 events):
No events

Nmethod flushes (20 events):
Event: 11.510 Thread 0x0000018566b6ea20 flushing  nmethod 0x000001856c9aa890
Event: 11.510 Thread 0x0000018566b6ea20 flushing  nmethod 0x000001856c9c4110
Event: 11.510 Thread 0x0000018566b6ea20 flushing  nmethod 0x000001856c9c4810
Event: 11.510 Thread 0x0000018566b6ea20 flushing  nmethod 0x000001856c9c4e10
Event: 11.510 Thread 0x0000018566b6ea20 flushing  nmethod 0x000001856c9c5690
Event: 11.510 Thread 0x0000018566b6ea20 flushing  nmethod 0x000001856c9c9890
Event: 11.510 Thread 0x0000018566b6ea20 flushing  nmethod 0x000001856c9d9b90
Event: 11.511 Thread 0x0000018566b6ea20 flushing  nmethod 0x000001856c9e2790
Event: 11.511 Thread 0x0000018566b6ea20 flushing  nmethod 0x000001856c9eb790
Event: 11.511 Thread 0x0000018566b6ea20 flushing  nmethod 0x000001856ca07b10
Event: 11.511 Thread 0x0000018566b6ea20 flushing  nmethod 0x000001856ca0d810
Event: 11.511 Thread 0x0000018566b6ea20 flushing  nmethod 0x000001856ca68c90
Event: 11.511 Thread 0x0000018566b6ea20 flushing  nmethod 0x000001856ca6a590
Event: 11.511 Thread 0x0000018566b6ea20 flushing  nmethod 0x000001856ca6e490
Event: 11.511 Thread 0x0000018566b6ea20 flushing  nmethod 0x000001856ca79990
Event: 11.511 Thread 0x0000018566b6ea20 flushing  nmethod 0x000001856ca7da10
Event: 11.511 Thread 0x0000018566b6ea20 flushing  nmethod 0x000001856ca93f90
Event: 11.511 Thread 0x0000018566b6ea20 flushing  nmethod 0x000001856ca94710
Event: 11.511 Thread 0x0000018566b6ea20 flushing  nmethod 0x000001856ca94c90
Event: 11.511 Thread 0x0000018566b6ea20 flushing  nmethod 0x000001856ca95190

Events (20 events):
Event: 18.920 Thread 0x0000018547e55f50 Thread added: 0x00000185483afed0
Event: 18.920 Thread 0x0000018547e55f50 Thread added: 0x00000185483ae490
Event: 18.920 Thread 0x0000018547e55f50 Thread added: 0x00000185483b0560
Event: 18.920 Thread 0x00000185483afed0 Thread added: 0x00000185483ad0e0
Event: 19.339 Thread 0x0000018547e55f50 Thread added: 0x00000185483b0bf0
Event: 19.387 Thread 0x0000018547e55f50 Thread added: 0x00000185483ad770
Event: 19.403 Thread 0x0000018547e55f50 Thread added: 0x00000185483b2630
Event: 19.423 Thread 0x0000018547e55f50 Thread added: 0x00000185483b1280
Event: 19.444 Thread 0x0000018547e55f50 Thread added: 0x00000185483b1910
Event: 19.456 Thread 0x0000018547e55f50 Thread added: 0x00000185483b1fa0
Event: 19.477 Thread 0x0000018547e55f50 Thread added: 0x00000185483b2cc0
Event: 19.490 Thread 0x0000018547e55f50 Thread added: 0x00000185483b3350
Event: 19.514 Thread 0x0000018547e55f50 Thread added: 0x00000185513d7a10
Event: 19.567 Thread 0x0000018547e55f50 Thread added: 0x00000185513d8dc0
Event: 19.676 Thread 0x0000018547e55f50 Thread added: 0x00000185513da170
Event: 21.462 Thread 0x0000018547e55f50 Thread added: 0x00000185513d9ae0
Event: 31.399 Thread 0x0000018547bede90 Thread exited: 0x0000018547bede90
Event: 31.478 Thread 0x0000018547ff8070 Thread added: 0x00000185505f0330
Event: 36.811 Thread 0x00000185505f0330 Thread exited: 0x00000185505f0330
Event: 39.980 Thread 0x0000018541d05220 Thread added: 0x00000185505ba7e0


Dynamic libraries:
0x00007ff79de00000 - 0x00007ff79de0e000 	c:\Users\Lenovo\.vscode\extensions\redhat.java-1.55.0-win32-x64\jre\21.0.11-win32-x86_64\bin\java.exe
0x00007ffc59ca0000 - 0x00007ffc59f06000 	C:\WINDOWS\SYSTEM32\ntdll.dll
0x00007ffc59170000 - 0x00007ffc59239000 	C:\WINDOWS\System32\KERNEL32.DLL
0x00007ffc572d0000 - 0x00007ffc576cf000 	C:\WINDOWS\System32\KERNELBASE.dll
0x00007ffc57870000 - 0x00007ffc579bc000 	C:\WINDOWS\System32\ucrtbase.dll
0x00007ffc4c080000 - 0x00007ffc4c09e000 	c:\Users\Lenovo\.vscode\extensions\redhat.java-1.55.0-win32-x64\jre\21.0.11-win32-x86_64\bin\VCRUNTIME140.dll
0x00007ffc43700000 - 0x00007ffc43718000 	c:\Users\Lenovo\.vscode\extensions\redhat.java-1.55.0-win32-x64\jre\21.0.11-win32-x86_64\bin\jli.dll
0x00007ffc58b80000 - 0x00007ffc58d46000 	C:\WINDOWS\System32\USER32.dll
0x00007ffc572a0000 - 0x00007ffc572c7000 	C:\WINDOWS\System32\win32u.dll
0x00007ffc467d0000 - 0x00007ffc46a61000 	C:\WINDOWS\WinSxS\amd64_microsoft.windows.common-controls_6595b64144ccf1df_6.0.26100.8972_none_3e0da176e32f9d4b\COMCTL32.dll
0x00007ffc58590000 - 0x00007ffc585bb000 	C:\WINDOWS\System32\GDI32.dll
0x00007ffc58930000 - 0x00007ffc589d9000 	C:\WINDOWS\System32\msvcrt.dll
0x00007ffc57170000 - 0x00007ffc57299000 	C:\WINDOWS\System32\gdi32full.dll
0x00007ffc57000000 - 0x00007ffc570a3000 	C:\WINDOWS\System32\msvcp_win.dll
0x00007ffc58490000 - 0x00007ffc584c2000 	C:\WINDOWS\System32\IMM32.DLL
0x0000000058c10000 - 0x0000000058c1d000 	C:\Program Files (x86)\360\Total Security\safemon\SafeWrapper.dll
0x00007ffc57a80000 - 0x00007ffc57b3c000 	C:\WINDOWS\System32\ADVAPI32.dll
0x00007ffc579d0000 - 0x00007ffc57a79000 	C:\WINDOWS\System32\sechost.dll
0x00007ffc58fc0000 - 0x00007ffc590d8000 	C:\WINDOWS\System32\RPCRT4.dll
0x00007ffc54790000 - 0x00007ffc54895000 	C:\Program Files (x86)\360\Total Security\safemon\libzdtp64.dll
0x00007ffc57d00000 - 0x00007ffc58488000 	C:\WINDOWS\System32\SHELL32.dll
0x00007ffc58d50000 - 0x00007ffc58db6000 	C:\WINDOWS\System32\SHLWAPI.dll
0x00007ffc567a0000 - 0x00007ffc567ab000 	C:\WINDOWS\SYSTEM32\VERSION.dll
0x00007ffc436f0000 - 0x00007ffc436fc000 	c:\Users\Lenovo\.vscode\extensions\redhat.java-1.55.0-win32-x64\jre\21.0.11-win32-x86_64\bin\vcruntime140_1.dll
0x00007ffc32360000 - 0x00007ffc323ed000 	c:\Users\Lenovo\.vscode\extensions\redhat.java-1.55.0-win32-x64\jre\21.0.11-win32-x86_64\bin\msvcp140.dll
0x00007ffb803f0000 - 0x00007ffb81192000 	c:\Users\Lenovo\.vscode\extensions\redhat.java-1.55.0-win32-x64\jre\21.0.11-win32-x86_64\bin\server\jvm.dll
0x00007ffc59340000 - 0x00007ffc593c2000 	C:\WINDOWS\System32\WS2_32.dll
0x00007ffc56d10000 - 0x00007ffc56d6e000 	C:\WINDOWS\SYSTEM32\POWRPROF.dll
0x00007ffc50f20000 - 0x00007ffc50f56000 	C:\WINDOWS\SYSTEM32\WINMM.dll
0x00007ffc56cf0000 - 0x00007ffc56d05000 	C:\WINDOWS\SYSTEM32\UMPDC.dll
0x00007ffc55ae0000 - 0x00007ffc55afb000 	C:\WINDOWS\SYSTEM32\kernel.appcore.dll
0x00007ffc436e0000 - 0x00007ffc436ea000 	c:\Users\Lenovo\.vscode\extensions\redhat.java-1.55.0-win32-x64\jre\21.0.11-win32-x86_64\bin\jimage.dll
0x00007ffc54510000 - 0x00007ffc54752000 	C:\WINDOWS\SYSTEM32\DBGHELP.DLL
0x00007ffc59440000 - 0x00007ffc597c5000 	C:\WINDOWS\System32\combase.dll
0x00007ffc58650000 - 0x00007ffc58729000 	C:\WINDOWS\System32\OLEAUT32.dll
0x00007ffc50ee0000 - 0x00007ffc50f1b000 	C:\WINDOWS\SYSTEM32\dbgcore.DLL
0x00007ffc56eb0000 - 0x00007ffc56f5c000 	C:\WINDOWS\System32\bcryptPrimitives.dll
0x00007ffc43650000 - 0x00007ffc4365f000 	c:\Users\Lenovo\.vscode\extensions\redhat.java-1.55.0-win32-x64\jre\21.0.11-win32-x86_64\bin\instrument.dll
0x00007ffc37b30000 - 0x00007ffc37b50000 	c:\Users\Lenovo\.vscode\extensions\redhat.java-1.55.0-win32-x64\jre\21.0.11-win32-x86_64\bin\java.dll
0x00007ffc548a0000 - 0x00007ffc5513b000 	C:\WINDOWS\SYSTEM32\windows.storage.dll
0x00007ffc57be0000 - 0x00007ffc57cd9000 	C:\WINDOWS\System32\SHCORE.dll
0x00007ffc56dd0000 - 0x00007ffc56df9000 	C:\WINDOWS\SYSTEM32\profapi.dll
0x00007ffc345b0000 - 0x00007ffc345c8000 	c:\Users\Lenovo\.vscode\extensions\redhat.java-1.55.0-win32-x64\jre\21.0.11-win32-x86_64\bin\zip.dll
0x00007ffc424e0000 - 0x00007ffc424f0000 	C:\Users\Lenovo\.vscode\extensions\redhat.java-1.55.0-win32-x64\jre\21.0.11-win32-x86_64\bin\net.dll
0x00007ffc4cee0000 - 0x00007ffc4d007000 	C:\WINDOWS\SYSTEM32\WINHTTP.dll
0x00007ffc56070000 - 0x00007ffc560dc000 	C:\WINDOWS\system32\mswsock.dll
0x00007ffc34180000 - 0x00007ffc34196000 	C:\Users\Lenovo\.vscode\extensions\redhat.java-1.55.0-win32-x64\jre\21.0.11-win32-x86_64\bin\nio.dll
0x00007ffc42460000 - 0x00007ffc42470000 	c:\Users\Lenovo\.vscode\extensions\redhat.java-1.55.0-win32-x64\jre\21.0.11-win32-x86_64\bin\verify.dll
0x00007ffc353e0000 - 0x00007ffc35425000 	C:\Users\Lenovo\AppData\Roaming\Code\User\globalStorage\redhat.java\1.55.0\config_win\org.eclipse.equinox.launcher\org.eclipse.equinox.launcher.win32.win32.x86_64_1.3.100.v20260613-0559\eclipse_11924.dll
0x00007ffc589e0000 - 0x00007ffc58b79000 	C:\WINDOWS\System32\ole32.dll
0x00007ffc56490000 - 0x00007ffc564ab000 	C:\WINDOWS\SYSTEM32\CRYPTSP.dll
0x00007ffc55a40000 - 0x00007ffc55a79000 	C:\WINDOWS\system32\rsaenh.dll
0x00007ffc56120000 - 0x00007ffc56152000 	C:\WINDOWS\SYSTEM32\USERENV.dll
0x00007ffc56da0000 - 0x00007ffc56dca000 	C:\WINDOWS\SYSTEM32\bcrypt.dll
0x00007ffc562d0000 - 0x00007ffc562dc000 	C:\WINDOWS\SYSTEM32\CRYPTBASE.dll
0x00007ffc55490000 - 0x00007ffc554c3000 	C:\WINDOWS\SYSTEM32\IPHLPAPI.DLL
0x00007ffc59160000 - 0x00007ffc5916a000 	C:\WINDOWS\System32\NSI.dll
0x00007ffc320d0000 - 0x00007ffc32119000 	C:\Users\Lenovo\AppData\Local\Temp\jna--2022488749\jna4097577830818113090.dll
0x00007ffc58740000 - 0x00007ffc58748000 	C:\WINDOWS\System32\PSAPI.DLL
0x00007ffc4ce70000 - 0x00007ffc4ce8d000 	C:\WINDOWS\SYSTEM32\dhcpcsvc6.DLL
0x00007ffc4ce40000 - 0x00007ffc4ce65000 	C:\WINDOWS\SYSTEM32\dhcpcsvc.DLL
0x00007ffc4f2c0000 - 0x00007ffc4f2ce000 	C:\Users\Lenovo\.vscode\extensions\redhat.java-1.55.0-win32-x64\jre\21.0.11-win32-x86_64\bin\sunmscapi.dll
0x00007ffc576e0000 - 0x00007ffc5785e000 	C:\WINDOWS\System32\CRYPT32.dll
0x00007ffc56600000 - 0x00007ffc56630000 	C:\WINDOWS\SYSTEM32\ncrypt.dll
0x00007ffc565b0000 - 0x00007ffc565ef000 	C:\WINDOWS\SYSTEM32\NTASN1.dll
0x00007ffc55520000 - 0x00007ffc55678000 	C:\WINDOWS\SYSTEM32\DNSAPI.dll
0x00007ffc55e70000 - 0x00007ffc55e7d000 	C:\WINDOWS\SYSTEM32\DSPARSE.dll
0x00007ffc4f4b0000 - 0x00007ffc4f4bb000 	C:\Windows\System32\rasadhlp.dll
0x00007ffc4cc50000 - 0x00007ffc4ccd6000 	C:\WINDOWS\System32\fwpuclnt.dll
0x00007ffc498a0000 - 0x00007ffc498a9000 	C:\Users\Lenovo\.vscode\extensions\redhat.java-1.55.0-win32-x64\jre\21.0.11-win32-x86_64\bin\extnet.dll

JVMTI agents:
c:\Users\Lenovo\.vscode\extensions\redhat.java-1.55.0-win32-x64\lombok\lombok-1.18.39-4050.jar path:c:\Users\Lenovo\.vscode\extensions\redhat.java-1.55.0-win32-x64\jre\21.0.11-win32-x86_64\bin\instrument.dll, loaded, initialized, instrumentlib options:none

dbghelp: loaded successfully - version: 4.0.5 - missing functions: none
symbol engine: initialized successfully - sym options: 0x614 - pdb path: .;c:\Users\Lenovo\.vscode\extensions\redhat.java-1.55.0-win32-x64\jre\21.0.11-win32-x86_64\bin;C:\WINDOWS\SYSTEM32;C:\WINDOWS\WinSxS\amd64_microsoft.windows.common-controls_6595b64144ccf1df_6.0.26100.8972_none_3e0da176e32f9d4b;C:\Program Files (x86)\360\Total Security\safemon;c:\Users\Lenovo\.vscode\extensions\redhat.java-1.55.0-win32-x64\jre\21.0.11-win32-x86_64\bin\server;C:\Users\Lenovo\AppData\Roaming\Code\User\globalStorage\redhat.java\1.55.0\config_win\org.eclipse.equinox.launcher\org.eclipse.equinox.launcher.win32.win32.x86_64_1.3.100.v20260613-0559;C:\Users\Lenovo\AppData\Local\Temp\jna--2022488749

VM Arguments:
jvm_args: --add-modules=ALL-SYSTEM --add-opens=java.base/java.util=ALL-UNNAMED --add-opens=java.base/java.lang=ALL-UNNAMED --add-opens=java.base/sun.nio.fs=ALL-UNNAMED -Declipse.application=org.eclipse.jdt.ls.core.id1 -Dosgi.bundles.defaultStartLevel=4 -Declipse.product=org.eclipse.jdt.ls.core.product -Djava.import.generatesMetadataFilesAtProjectRoot=false -DDetectVMInstallationsJob.disabled=true -Dfile.encoding=utf8 -XX:+UseParallelGC -XX:GCTimeRatio=4 -XX:AdaptiveSizePolicyWeight=90 -Dsun.zip.disableMemoryMapping=true -Xmx2G -Xms100m -Xlog:disable -javaagent:c:\Users\Lenovo\.vscode\extensions\redhat.java-1.55.0-win32-x64\lombok\lombok-1.18.39-4050.jar -XX:+HeapDumpOnOutOfMemoryError -XX:HeapDumpPath=c:\Users\Lenovo\AppData\Roaming\Code\User\workspaceStorage\522b9a6d1db5868371f99e250bf3e0ec\redhat.java -Daether.dependencyCollector.impl=bf 
java_command: c:\Users\Lenovo\.vscode\extensions\redhat.java-1.55.0-win32-x64\server\plugins\org.eclipse.equinox.launcher_1.7.200.v20260619-2039.jar -configuration c:\Users\Lenovo\AppData\Roaming\Code\User\globalStorage\redhat.java\1.55.0\config_win -data c:\Users\Lenovo\AppData\Roaming\Code\User\workspaceStorage\522b9a6d1db5868371f99e250bf3e0ec\redhat.java\jdt_ws --pipe=\\.\pipe\lsp-435c7f4c71b257b39954e5504c19c1aa-sock
java_class_path (initial): c:\Users\Lenovo\.vscode\extensions\redhat.java-1.55.0-win32-x64\server\plugins\org.eclipse.equinox.launcher_1.7.200.v20260619-2039.jar
Launcher Type: SUN_STANDARD

[Global flags]
    uintx AdaptiveSizePolicyWeight                 = 90                                        {product} {command line}
     intx CICompilerCount                          = 4                                         {product} {ergonomic}
    uintx GCTimeRatio                              = 4                                         {product} {command line}
     bool HeapDumpOnOutOfMemoryError               = true                                   {manageable} {command line}
    ccstr HeapDumpPath                             = c:\Users\Lenovo\AppData\Roaming\Code\User\workspaceStorage\522b9a6d1db5868371f99e250bf3e0ec\redhat.java         {manageable} {command line}
   size_t InitialHeapSize                          = 104857600                                 {product} {command line}
   size_t MaxHeapSize                              = 2147483648                                {product} {command line}
   size_t MaxNewSize                               = 715653120                                 {product} {ergonomic}
   size_t MinHeapDeltaBytes                        = 524288                                    {product} {ergonomic}
   size_t MinHeapSize                              = 104857600                                 {product} {command line}
   size_t NewSize                                  = 34603008                                  {product} {ergonomic}
    uintx NonNMethodCodeHeapSize                   = 5839372                                {pd product} {ergonomic}
    uintx NonProfiledCodeHeapSize                  = 122909434                              {pd product} {ergonomic}
   size_t OldSize                                  = 70254592                                  {product} {ergonomic}
    uintx ProfiledCodeHeapSize                     = 122909434                              {pd product} {ergonomic}
    uintx ReservedCodeCacheSize                    = 251658240                              {pd product} {ergonomic}
     bool SegmentedCodeCache                       = true                                      {product} {ergonomic}
   size_t SoftMaxHeapSize                          = 2147483648                             {manageable} {ergonomic}
     bool UseCompressedOops                        = true                           {product lp64_product} {ergonomic}
     bool UseLargePagesIndividualAllocation        = false                                  {pd product} {ergonomic}
     bool UseParallelGC                            = true                                      {product} {command line}

Logging:
Log output configuration:
 #0: stdout all=off uptime,level,tags foldmultilines=false
 #1: stderr all=off uptime,level,tags foldmultilines=false

Release file:
JAVA_VERSION="21.0.11" 
MODULES="java.base java.compiler java.datatransfer java.xml java.prefs java.desktop java.instrument java.logging java.management java.security.sasl java.naming java.rmi java.management.rmi java.net.http java.scripting java.security.jgss java.transaction.xa java.sql java.sql.rowset java.xml.crypto java.se java.smartcardio jdk.accessibility jdk.internal.jvmstat jdk.attach jdk.charsets jdk.internal.opt jdk.zipfs jdk.compiler jdk.crypto.ec jdk.crypto.cryptoki jdk.crypto.mscapi jdk.dynalink jdk.internal.ed jdk.editpad jdk.hotspot.agent jdk.httpserver jdk.internal.le jdk.internal.vm.ci jdk.internal.vm.compiler jdk.internal.vm.compiler.management jdk.jartool jdk.javadoc jdk.jcmd jdk.management jdk.management.agent jdk.jconsole jdk.jdeps jdk.jdwp.agent jdk.jdi jdk.jfr jdk.jshell jdk.jsobject jdk.jstatd jdk.localedata jdk.management.jfr jdk.naming.dns jdk.naming.rmi jdk.net jdk.nio.mapmode jdk.random jdk.sctp jdk.security.auth jdk.security.jgss jdk.unsupported jdk.unsupported.desktop jdk.xml.dom" 

Environment Variables:
PATH=C:\Program Files\Common Files\Oracle\Java\javapath;C:\Program Files\nodejs\;C:\Program Files\Git\cmd;C:\WINDOWS\system32;C:\WINDOWS;C:\WINDOWS\System32\Wbem;C:\WINDOWS\System32\WindowsPowerShell\v1.0\;C:\WINDOWS\System32\OpenSSH\;C:\Program Files\Docker\Docker\resources\bin;C:\Program Files\Microsoft SQL Server\170\Tools\Binn\;C:\Program Files\Microsoft SQL Server\Client SDK\ODBC\170\Tools\Binn\;C:\Program Files\Mullvad VPN\resources;C:\Program Files\dotnet\;C:\Users\Lenovo\AppData\Local\Microsoft\WindowsApps;C:\Users\Lenovo\AppData\Local\Programs\Microsoft VS Code\bin;C:\Users\Lenovo\AppData\Roaming\npm;C:\Program Files\JetBrains\PhpStorm 2026.1.3\bin;C:\Users\Lenovo\AppData\Local\Programs\mongosh\;C:\Users\Lenovo\.dotnet\tools;C:\Users\Lenovo\AppData\Local\Gource\cmd;C:\Users\Lenovo\AppData\Local\GitHubDesktop\bin
USERNAME=Lenovo
OS=Windows_NT
PROCESSOR_IDENTIFIER=AMD64 Family 23 Model 104 Stepping 1, AuthenticAMD
TMP=C:\Users\Lenovo\AppData\Local\Temp
TEMP=C:\Users\Lenovo\AppData\Local\Temp




Periodic native trim disabled

---------------  S Y S T E M  ---------------

OS:
 Windows 11 , 64 bit Build 26100 (10.0.26100.8972)
OS uptime: 0 days 2:03 hours
Hyper-V role detected

CPU: total 12 (initial active 12) (12 cores per cpu, 2 threads per core) family 23 model 104 stepping 1 microcode 0x8608103, cx8, cmov, fxsr, ht, mmx, 3dnowpref, sse, sse2, sse3, ssse3, sse4a, sse4.1, sse4.2, popcnt, lzcnt, tsc, tscinvbit, avx, avx2, aes, clmul, bmi1, bmi2, adx, sha, fma, vzeroupper, clflush, clflushopt, hv, rdtscp, rdpid, f16c
Processor Information for the first 12 processors :
  Max Mhz: 2100, Current Mhz: 2100, Mhz Limit: 2100

Memory: 4k page, system-wide physical 15178M (3838M free)
TotalPageFile size 15178M (AvailPageFile size 4M)
current process WorkingSet (physical memory assigned to process): 1034M, peak: 1034M
current process commit charge ("private bytes"): 1082M, peak: 1082M

vm_info: OpenJDK 64-Bit Server VM (21.0.11+10-LTS) for windows-amd64 JRE (21.0.11+10-LTS), built on 2026-04-21T00:00:00Z by "admin" with MS VC++ 17.12 (VS2022)

END.
